[[1;34mINFO[m] Scanning for projects...
[[1;34mINFO[m] 
[[1;34mINFO[m] [1m------------------< [0;36mcom.sanatanadharm:sanatana-dharm[0;1m >------------------[m
[[1;34mINFO[m] [1mBuilding SANATANA-DHARM 1.0.0[m
[[1;34mINFO[m] [1m--------------------------------[ jar ]---------------------------------[m
[[1;33mWARNING[m] The artifact mysql:mysql-connector-java:jar:8.0.33 has been relocated to com.mysql:mysql-connector-j:jar:8.0.33: MySQL Connector/J artifacts moved to reverse-DNS compliant Maven 2+ coordinates.
[[1;34mINFO[m] 
[[1;34mINFO[m] [1m--- [0;32mmaven-clean-plugin:3.3.2:clean[m [1m(default-clean)[m @ [36msanatana-dharm[0;1m ---[m
[[1;34mINFO[m] Deleting /workspace/SANATANA-DHARM-Server/target
[[1;34mINFO[m] 
[[1;34mINFO[m] [1m--- [0;32mmaven-resources-plugin:3.3.1:resources[m [1m(default-resources)[m @ [36msanatana-dharm[0;1m ---[m
[[1;34mINFO[m] Copying 1 resource from src/main/resources to target/classes
[[1;34mINFO[m] Copying 2 resources from src/main/resources to target/classes
[[1;34mINFO[m] 
[[1;34mINFO[m] [1m--- [0;32mmaven-compiler-plugin:3.11.0:compile[m [1m(default-compile)[m @ [36msanatana-dharm[0;1m ---[m
[[1;34mINFO[m] Changes detected - recompiling the module! :source
[[1;34mINFO[m] Compiling 28 source files with javac [debug release 17] to target/classes
[[1;34mINFO[m] 
[[1;34mINFO[m] [1m>>> [0;32mspring-boot-maven-plugin:3.2.5:run[m [1m(default-cli)[0;1m > [0;1mtest-compile[m @ [36msanatana-dharm[0;1m >>>[m
[[1;34mINFO[m] 
[[1;34mINFO[m] [1m--- [0;32mmaven-resources-plugin:3.3.1:resources[m [1m(default-resources)[m @ [36msanatana-dharm[0;1m ---[m
[[1;34mINFO[m] Copying 1 resource from src/main/resources to target/classes
[[1;34mINFO[m] Copying 2 resources from src/main/resources to target/classes
[[1;34mINFO[m] 
[[1;34mINFO[m] [1m--- [0;32mmaven-compiler-plugin:3.11.0:compile[m [1m(default-compile)[m @ [36msanatana-dharm[0;1m ---[m
[[1;34mINFO[m] Nothing to compile - all classes are up to date
[[1;34mINFO[m] 
[[1;34mINFO[m] [1m--- [0;32mmaven-resources-plugin:3.3.1:testResources[m [1m(default-testResources)[m @ [36msanatana-dharm[0;1m ---[m
[[1;34mINFO[m] skip non existing resourceDirectory /workspace/SANATANA-DHARM-Server/src/test/resources
[[1;34mINFO[m] 
[[1;34mINFO[m] [1m--- [0;32mmaven-compiler-plugin:3.11.0:testCompile[m [1m(default-testCompile)[m @ [36msanatana-dharm[0;1m ---[m
[[1;34mINFO[m] Changes detected - recompiling the module! :dependency
[[1;34mINFO[m] 
[[1;34mINFO[m] [1m<<< [0;32mspring-boot-maven-plugin:3.2.5:run[m [1m(default-cli)[0;1m < [0;1mtest-compile[m @ [36msanatana-dharm[0;1m <<<[m
[[1;34mINFO[m] 
[[1;34mINFO[m] 
[[1;34mINFO[m] [1m--- [0;32mspring-boot-maven-plugin:3.2.5:run[m [1m(default-cli)[m @ [36msanatana-dharm[0;1m ---[m
[[1;34mINFO[m] Attaching agents: []

  .   ____          _            __ _ _
 /\\ / ___'_ __ _ _(_)_ __  __ _ \ \ \ \
( ( )\___ | '_ | '_| | '_ \/ _` | \ \ \ \
 \\/  ___)| |_)| | | | | || (_| |  ) ) ) )
  '  |____| .__|_| |_|_| |_\__, | / / / /
 =========|_|==============|___/=/_/_/_/
 :: Spring Boot ::                (v3.2.5)

2025-05-31 10:43:39 - Starting SanatanaDharmApplication using Java 17.0.15 with PID 11642 (/workspace/SANATANA-DHARM-Server/target/classes started by root in /workspace/SANATANA-DHARM-Server)
2025-05-31 10:43:39 - Running with Spring Boot v3.2.5, Spring v6.1.6
2025-05-31 10:43:39 - No active profile set, falling back to 1 default profile: "default"
2025-05-31 10:43:39 - Devtools property defaults active! Set 'spring.devtools.add-properties' to 'false' to disable
2025-05-31 10:43:39 - For additional web related logging consider setting the 'logging.level.web' property to 'DEBUG'
2025-05-31 10:43:40 - Bootstrapping Spring Data JPA repositories in DEFAULT mode.
2025-05-31 10:43:40 - Finished Spring Data repository scanning in 39 ms. Found 2 JPA repository interfaces.
2025-05-31 10:43:41 - Tomcat initialized with port 12000 (http)
2025-05-31 10:43:41 - Starting service [Tomcat]
2025-05-31 10:43:41 - Starting Servlet engine: [Apache Tomcat/10.1.20]
2025-05-31 10:43:41 - Initializing Spring embedded WebApplicationContext
2025-05-31 10:43:41 - Root WebApplicationContext: initialization completed in 1148 ms
2025-05-31 10:43:41 - HHH000204: Processing PersistenceUnitInfo [name: default]
2025-05-31 10:43:41 - HHH000412: Hibernate ORM core version 6.4.4.Final
2025-05-31 10:43:41 - HHH000026: Second-level cache disabled
2025-05-31 10:43:41 - No LoadTimeWeaver setup: ignoring JPA class transformer
2025-05-31 10:43:41 - HikariPool-1 - Starting...
2025-05-31 10:43:41 - HikariPool-1 - Added connection com.mysql.cj.jdbc.ConnectionImpl@1d333e
2025-05-31 10:43:41 - HikariPool-1 - Start completed.
2025-05-31 10:43:41 - HHH90000025: MySQL8Dialect does not need to be specified explicitly using 'hibernate.dialect' (remove the property setting and it will be selected by default)
2025-05-31 10:43:41 - HHH90000026: MySQL8Dialect has been deprecated; use org.hibernate.dialect.MySQLDialect instead
2025-05-31 10:43:42 - HHH000489: No JTA platform available (set 'hibernate.transaction.jta.platform' to enable JTA platform integration)
2025-05-31 10:43:42 - Initialized JPA EntityManagerFactory for persistence unit 'default'
2025-05-31 10:43:42 - Hibernate is in classpath; If applicable, HQL parser will be used.
2025-05-31 10:43:42 - Filter 'authenticationJwtTokenFilter' configured for use
2025-05-31 10:43:42 - spring.jpa.open-in-view is enabled by default. Therefore, database queries may be performed during view rendering. Explicitly configure spring.jpa.open-in-view to disable this warning
2025-05-31 10:43:42 - Adding welcome page: class path resource [static/index.html]
2025-05-31 10:43:43 - Will secure any request with [org.springframework.security.web.session.DisableEncodeUrlFilter@5ed5d4d, org.springframework.security.web.context.request.async.WebAsyncManagerIntegrationFilter@3bc0dc60, org.springframework.security.web.context.SecurityContextHolderFilter@79f2413b, org.springframework.security.web.header.HeaderWriterFilter@19f87a89, org.springframework.web.filter.CorsFilter@3edd3ce8, org.springframework.security.web.authentication.logout.LogoutFilter@6864c7e1, com.sanatanadharm.app.security.jwt.AuthTokenFilter@47bfda9, org.springframework.security.web.savedrequest.RequestCacheAwareFilter@17106668, org.springframework.security.web.servletapi.SecurityContextHolderAwareRequestFilter@2bb0ad13, org.springframework.security.web.authentication.AnonymousAuthenticationFilter@13345614, org.springframework.security.web.session.SessionManagementFilter@60b9439e, org.springframework.security.web.access.ExceptionTranslationFilter@294e0195, org.springframework.security.web.access.intercept.AuthorizationFilter@6870282]
2025-05-31 10:43:43 - LiveReload server is running on port 35729
2025-05-31 10:43:43 - Tomcat started on port 12000 (http) with context path '/api'
2025-05-31 10:43:43 - Started SanatanaDharmApplication in 3.843 seconds (process running for 4.165)
2025-05-31 10:43:43 - Initializing roles...
2025-05-31 10:43:43 - 
    select
        r1_0.id 
    from
        roles r1_0 
    where
        r1_0.name=? 
    limit
        ?
Hibernate: 
    select
        r1_0.id 
    from
        roles r1_0 
    where
        r1_0.name=? 
    limit
        ?
2025-05-31 10:43:43 - 
    select
        r1_0.id 
    from
        roles r1_0 
    where
        r1_0.name=? 
    limit
        ?
Hibernate: 
    select
        r1_0.id 
    from
        roles r1_0 
    where
        r1_0.name=? 
    limit
        ?
2025-05-31 10:43:43 - 
    select
        r1_0.id 
    from
        roles r1_0 
    where
        r1_0.name=? 
    limit
        ?
Hibernate: 
    select
        r1_0.id 
    from
        roles r1_0 
    where
        r1_0.name=? 
    limit
        ?
2025-05-31 10:43:43 - 
    select
        r1_0.id 
    from
        roles r1_0 
    where
        r1_0.name=? 
    limit
        ?
Hibernate: 
    select
        r1_0.id 
    from
        roles r1_0 
    where
        r1_0.name=? 
    limit
        ?
2025-05-31 10:43:43 - Roles initialization completed.
2025-05-31 10:43:43 - Checking for Super Admin user...
2025-05-31 10:43:43 - 
    select
        u1_0.id 
    from
        users u1_0 
    where
        u1_0.username=? 
    limit
        ?
Hibernate: 
    select
        u1_0.id 
    from
        users u1_0 
    where
        u1_0.username=? 
    limit
        ?
2025-05-31 10:43:43 - Super Admin user already exists
2025-05-31 10:44:08 - Initializing Spring DispatcherServlet 'dispatcherServlet'
2025-05-31 10:44:08 - Initializing Servlet 'dispatcherServlet'
2025-05-31 10:44:08 - Completed initialization in 1 ms
2025-05-31 10:44:08 - Securing GET /v3/api-docs
2025-05-31 10:44:08 - Set SecurityContextHolder to anonymous SecurityContext
2025-05-31 10:44:08 - Secured GET /v3/api-docs
2025-05-31 10:44:08 - Init duration for springdoc-openapi is: 226 ms
2025-05-31 10:44:19 - Securing GET /swagger-ui.html
2025-05-31 10:44:19 - Set SecurityContextHolder to anonymous SecurityContext
2025-05-31 10:44:19 - Secured GET /swagger-ui.html
2025-05-31 10:44:19 - Securing GET /swagger-ui/index.html
2025-05-31 10:44:19 - Set SecurityContextHolder to anonymous SecurityContext
2025-05-31 10:44:19 - Secured GET /swagger-ui/index.html
2025-05-31 10:44:19 - Securing GET /swagger-ui/swagger-ui.css
2025-05-31 10:44:19 - Set SecurityContextHolder to anonymous SecurityContext
2025-05-31 10:44:19 - Secured GET /swagger-ui/swagger-ui.css
2025-05-31 10:44:19 - Securing GET /swagger-ui/index.css
2025-05-31 10:44:19 - Set SecurityContextHolder to anonymous SecurityContext
2025-05-31 10:44:19 - Securing GET /swagger-ui/swagger-ui-bundle.js
2025-05-31 10:44:19 - Secured GET /swagger-ui/index.css
2025-05-31 10:44:19 - Set SecurityContextHolder to anonymous SecurityContext
2025-05-31 10:44:19 - Secured GET /swagger-ui/swagger-ui-bundle.js
2025-05-31 10:44:19 - Securing GET /swagger-ui/swagger-ui-standalone-preset.js
2025-05-31 10:44:19 - Securing GET /swagger-ui/swagger-initializer.js
2025-05-31 10:44:19 - Set SecurityContextHolder to anonymous SecurityContext
2025-05-31 10:44:19 - Set SecurityContextHolder to anonymous SecurityContext
2025-05-31 10:44:19 - Secured GET /swagger-ui/swagger-ui-standalone-preset.js
2025-05-31 10:44:19 - Secured GET /swagger-ui/swagger-initializer.js
2025-05-31 10:44:19 - Securing GET /v3/api-docs/swagger-config
2025-05-31 10:44:19 - Set SecurityContextHolder to anonymous SecurityContext
2025-05-31 10:44:19 - Secured GET /v3/api-docs/swagger-config
2025-05-31 10:44:19 - Securing GET /v3/api-docs
2025-05-31 10:44:19 - Set SecurityContextHolder to anonymous SecurityContext
2025-05-31 10:44:19 - Secured GET /v3/api-docs
2025-05-31 10:45:31 - Securing POST /auth/signin
2025-05-31 10:45:31 - Set SecurityContextHolder to anonymous SecurityContext
2025-05-31 10:45:31 - Secured POST /auth/signin
2025-05-31 10:45:31 - 
    select
        u1_0.id,
        u1_0.created_at,
        u1_0.email,
        u1_0.email_verified,
        u1_0.first_name,
        u1_0.is_account_non_expired,
        u1_0.is_account_non_locked,
        u1_0.is_credentials_non_expired,
        u1_0.is_enabled,
        u1_0.last_login,
        u1_0.last_name,
        u1_0.password,
        u1_0.phone_number,
        u1_0.reset_token,
        u1_0.reset_token_expiry,
        u1_0.updated_at,
        u1_0.username,
        u1_0.verification_token,
        u1_0.verification_token_expiry 
    from
        users u1_0 
    where
        u1_0.username=? 
        or u1_0.email=?
Hibernate: 
    select
        u1_0.id,
        u1_0.created_at,
        u1_0.email,
        u1_0.email_verified,
        u1_0.first_name,
        u1_0.is_account_non_expired,
        u1_0.is_account_non_locked,
        u1_0.is_credentials_non_expired,
        u1_0.is_enabled,
        u1_0.last_login,
        u1_0.last_name,
        u1_0.password,
        u1_0.phone_number,
        u1_0.reset_token,
        u1_0.reset_token_expiry,
        u1_0.updated_at,
        u1_0.username,
        u1_0.verification_token,
        u1_0.verification_token_expiry 
    from
        users u1_0 
    where
        u1_0.username=? 
        or u1_0.email=?
2025-05-31 10:45:31 - 
    select
        r1_0.user_id,
        r1_1.id,
        r1_1.created_at,
        r1_1.description,
        r1_1.name,
        r1_1.updated_at 
    from
        user_roles r1_0 
    join
        roles r1_1 
            on r1_1.id=r1_0.role_id 
    where
        r1_0.user_id=?
Hibernate: 
    select
        r1_0.user_id,
        r1_1.id,
        r1_1.created_at,
        r1_1.description,
        r1_1.name,
        r1_1.updated_at 
    from
        user_roles r1_0 
    join
        roles r1_1 
            on r1_1.id=r1_0.role_id 
    where
        r1_0.user_id=?
2025-05-31 10:45:31 - Authenticated user
2025-05-31 10:45:31 - 
    update
        users 
    set
        created_at=?,
        email=?,
        email_verified=?,
        first_name=?,
        is_account_non_expired=?,
        is_account_non_locked=?,
        is_credentials_non_expired=?,
        is_enabled=?,
        last_login=?,
        last_name=?,
        password=?,
        phone_number=?,
        reset_token=?,
        reset_token_expiry=?,
        updated_at=?,
        username=?,
        verification_token=?,
        verification_token_expiry=? 
    where
        id=?
Hibernate: 
    update
        users 
    set
        created_at=?,
        email=?,
        email_verified=?,
        first_name=?,
        is_account_non_expired=?,
        is_account_non_locked=?,
        is_credentials_non_expired=?,
        is_enabled=?,
        last_login=?,
        last_name=?,
        password=?,
        phone_number=?,
        reset_token=?,
        reset_token_expiry=?,
        updated_at=?,
        username=?,
        verification_token=?,
        verification_token_expiry=? 
    where
        id=?
2025-05-31 10:47:12 - Securing GET /admin/users?page=0&size=10&sortBy=id&sortDir=asc
2025-05-31 10:47:12 - 
    select
        u1_0.id,
        u1_0.created_at,
        u1_0.email,
        u1_0.email_verified,
        u1_0.first_name,
        u1_0.is_account_non_expired,
        u1_0.is_account_non_locked,
        u1_0.is_credentials_non_expired,
        u1_0.is_enabled,
        u1_0.last_login,
        u1_0.last_name,
        u1_0.password,
        u1_0.phone_number,
        u1_0.reset_token,
        u1_0.reset_token_expiry,
        u1_0.updated_at,
        u1_0.username,
        u1_0.verification_token,
        u1_0.verification_token_expiry 
    from
        users u1_0 
    where
        u1_0.username=? 
        or u1_0.email=?
Hibernate: 
    select
        u1_0.id,
        u1_0.created_at,
        u1_0.email,
        u1_0.email_verified,
        u1_0.first_name,
        u1_0.is_account_non_expired,
        u1_0.is_account_non_locked,
        u1_0.is_credentials_non_expired,
        u1_0.is_enabled,
        u1_0.last_login,
        u1_0.last_name,
        u1_0.password,
        u1_0.phone_number,
        u1_0.reset_token,
        u1_0.reset_token_expiry,
        u1_0.updated_at,
        u1_0.username,
        u1_0.verification_token,
        u1_0.verification_token_expiry 
    from
        users u1_0 
    where
        u1_0.username=? 
        or u1_0.email=?
2025-05-31 10:47:12 - 
    select
        r1_0.user_id,
        r1_1.id,
        r1_1.created_at,
        r1_1.description,
        r1_1.name,
        r1_1.updated_at 
    from
        user_roles r1_0 
    join
        roles r1_1 
            on r1_1.id=r1_0.role_id 
    where
        r1_0.user_id=?
Hibernate: 
    select
        r1_0.user_id,
        r1_1.id,
        r1_1.created_at,
        r1_1.description,
        r1_1.name,
        r1_1.updated_at 
    from
        user_roles r1_0 
    join
        roles r1_1 
            on r1_1.id=r1_0.role_id 
    where
        r1_0.user_id=?
2025-05-31 10:47:12 - Secured GET /admin/users?page=0&size=10&sortBy=id&sortDir=asc
2025-05-31 10:47:12 - Authorizing method invocation ReflectiveMethodInvocation: public org.springframework.http.ResponseEntity com.sanatanadharm.app.controller.AdminController.getAllUsers(int,int,java.lang.String,java.lang.String); target is of class [com.sanatanadharm.app.controller.AdminController]
2025-05-31 10:47:12 - Authorized method invocation ReflectiveMethodInvocation: public org.springframework.http.ResponseEntity com.sanatanadharm.app.controller.AdminController.getAllUsers(int,int,java.lang.String,java.lang.String); target is of class [com.sanatanadharm.app.controller.AdminController]
2025-05-31 10:47:12 - 
    select
        u1_0.id,
        u1_0.created_at,
        u1_0.email,
        u1_0.email_verified,
        u1_0.first_name,
        u1_0.is_account_non_expired,
        u1_0.is_account_non_locked,
        u1_0.is_credentials_non_expired,
        u1_0.is_enabled,
        u1_0.last_login,
        u1_0.last_name,
        u1_0.password,
        u1_0.phone_number,
        u1_0.reset_token,
        u1_0.reset_token_expiry,
        u1_0.updated_at,
        u1_0.username,
        u1_0.verification_token,
        u1_0.verification_token_expiry 
    from
        users u1_0 
    order by
        u1_0.id 
    limit
        ?, ?
Hibernate: 
    select
        u1_0.id,
        u1_0.created_at,
        u1_0.email,
        u1_0.email_verified,
        u1_0.first_name,
        u1_0.is_account_non_expired,
        u1_0.is_account_non_locked,
        u1_0.is_credentials_non_expired,
        u1_0.is_enabled,
        u1_0.last_login,
        u1_0.last_name,
        u1_0.password,
        u1_0.phone_number,
        u1_0.reset_token,
        u1_0.reset_token_expiry,
        u1_0.updated_at,
        u1_0.username,
        u1_0.verification_token,
        u1_0.verification_token_expiry 
    from
        users u1_0 
    order by
        u1_0.id 
    limit
        ?, ?
2025-05-31 10:47:12 - 
    select
        r1_0.user_id,
        r1_1.id,
        r1_1.created_at,
        r1_1.description,
        r1_1.name,
        r1_1.updated_at 
    from
        user_roles r1_0 
    join
        roles r1_1 
            on r1_1.id=r1_0.role_id 
    where
        r1_0.user_id=?
Hibernate: 
    select
        r1_0.user_id,
        r1_1.id,
        r1_1.created_at,
        r1_1.description,
        r1_1.name,
        r1_1.updated_at 
    from
        user_roles r1_0 
    join
        roles r1_1 
            on r1_1.id=r1_0.role_id 
    where
        r1_0.user_id=?
2025-05-31 10:47:12 - 
    select
        r1_0.user_id,
        r1_1.id,
        r1_1.created_at,
        r1_1.description,
        r1_1.name,
        r1_1.updated_at 
    from
        user_roles r1_0 
    join
        roles r1_1 
            on r1_1.id=r1_0.role_id 
    where
        r1_0.user_id=?
Hibernate: 
    select
        r1_0.user_id,
        r1_1.id,
        r1_1.created_at,
        r1_1.description,
        r1_1.name,
        r1_1.updated_at 
    from
        user_roles r1_0 
    join
        roles r1_1 
            on r1_1.id=r1_0.role_id 
    where
        r1_0.user_id=?
2025-05-31 10:47:12 - 
    select
        r1_0.user_id,
        r1_1.id,
        r1_1.created_at,
        r1_1.description,
        r1_1.name,
        r1_1.updated_at 
    from
        user_roles r1_0 
    join
        roles r1_1 
            on r1_1.id=r1_0.role_id 
    where
        r1_0.user_id=?
Hibernate: 
    select
        r1_0.user_id,
        r1_1.id,
        r1_1.created_at,
        r1_1.description,
        r1_1.name,
        r1_1.updated_at 
    from
        user_roles r1_0 
    join
        roles r1_1 
            on r1_1.id=r1_0.role_id 
    where
        r1_0.user_id=?
2025-05-31 10:54:47 - Securing GET /swagger-ui/index.html
2025-05-31 10:54:47 - Set SecurityContextHolder to anonymous SecurityContext
2025-05-31 10:54:47 - Secured GET /swagger-ui/index.html
2025-05-31 10:54:47 - Securing GET /swagger-ui/swagger-ui.css
2025-05-31 10:54:47 - Set SecurityContextHolder to anonymous SecurityContext
2025-05-31 10:54:47 - Secured GET /swagger-ui/swagger-ui.css
2025-05-31 10:54:47 - Securing GET /swagger-ui/swagger-ui-bundle.js
2025-05-31 10:54:47 - Securing GET /swagger-ui/index.css
2025-05-31 10:54:47 - Set SecurityContextHolder to anonymous SecurityContext
2025-05-31 10:54:47 - Secured GET /swagger-ui/swagger-ui-bundle.js
2025-05-31 10:54:47 - Set SecurityContextHolder to anonymous SecurityContext
2025-05-31 10:54:47 - Secured GET /swagger-ui/index.css
2025-05-31 10:54:47 - Securing GET /swagger-ui/swagger-ui-standalone-preset.js
2025-05-31 10:54:47 - Securing GET /swagger-ui/swagger-initializer.js
2025-05-31 10:54:47 - Set SecurityContextHolder to anonymous SecurityContext
2025-05-31 10:54:47 - Set SecurityContextHolder to anonymous SecurityContext
2025-05-31 10:54:47 - Secured GET /swagger-ui/swagger-ui-standalone-preset.js
2025-05-31 10:54:47 - Secured GET /swagger-ui/swagger-initializer.js
2025-05-31 10:54:49 - Securing GET /v3/api-docs/swagger-config
2025-05-31 10:54:49 - Set SecurityContextHolder to anonymous SecurityContext
2025-05-31 10:54:49 - Secured GET /v3/api-docs/swagger-config
2025-05-31 10:54:49 - Securing GET /swagger-ui/favicon-32x32.png
2025-05-31 10:54:49 - Set SecurityContextHolder to anonymous SecurityContext
2025-05-31 10:54:49 - Secured GET /swagger-ui/favicon-32x32.png
2025-05-31 10:54:50 - Securing GET /v3/api-docs
2025-05-31 10:54:50 - Set SecurityContextHolder to anonymous SecurityContext
2025-05-31 10:54:50 - Secured GET /v3/api-docs
2025-05-31 10:54:50 - Init duration for springdoc-openapi is: 61 ms
2025-05-31 10:55:13 - Securing GET /admin/users?page=0&size=10&sortBy=id&sortDir=asc
2025-05-31 10:55:13 - Set SecurityContextHolder to anonymous SecurityContext
2025-05-31 10:55:13 - Unauthorized error: Full authentication is required to access this resource
2025-05-31 10:56:15 - Securing POST /auth/signin
2025-05-31 10:56:15 - Set SecurityContextHolder to anonymous SecurityContext
2025-05-31 10:56:15 - Secured POST /auth/signin
2025-05-31 10:56:15 - 
    select
        u1_0.id,
        u1_0.created_at,
        u1_0.email,
        u1_0.email_verified,
        u1_0.first_name,
        u1_0.is_account_non_expired,
        u1_0.is_account_non_locked,
        u1_0.is_credentials_non_expired,
        u1_0.is_enabled,
        u1_0.last_login,
        u1_0.last_name,
        u1_0.password,
        u1_0.phone_number,
        u1_0.reset_token,
        u1_0.reset_token_expiry,
        u1_0.updated_at,
        u1_0.username,
        u1_0.verification_token,
        u1_0.verification_token_expiry 
    from
        users u1_0 
    where
        u1_0.username=? 
        or u1_0.email=?
Hibernate: 
    select
        u1_0.id,
        u1_0.created_at,
        u1_0.email,
        u1_0.email_verified,
        u1_0.first_name,
        u1_0.is_account_non_expired,
        u1_0.is_account_non_locked,
        u1_0.is_credentials_non_expired,
        u1_0.is_enabled,
        u1_0.last_login,
        u1_0.last_name,
        u1_0.password,
        u1_0.phone_number,
        u1_0.reset_token,
        u1_0.reset_token_expiry,
        u1_0.updated_at,
        u1_0.username,
        u1_0.verification_token,
        u1_0.verification_token_expiry 
    from
        users u1_0 
    where
        u1_0.username=? 
        or u1_0.email=?
2025-05-31 10:56:15 - 
    select
        r1_0.user_id,
        r1_1.id,
        r1_1.created_at,
        r1_1.description,
        r1_1.name,
        r1_1.updated_at 
    from
        user_roles r1_0 
    join
        roles r1_1 
            on r1_1.id=r1_0.role_id 
    where
        r1_0.user_id=?
Hibernate: 
    select
        r1_0.user_id,
        r1_1.id,
        r1_1.created_at,
        r1_1.description,
        r1_1.name,
        r1_1.updated_at 
    from
        user_roles r1_0 
    join
        roles r1_1 
            on r1_1.id=r1_0.role_id 
    where
        r1_0.user_id=?
2025-05-31 10:56:15 - Authenticated user
2025-05-31 10:56:15 - 
    update
        users 
    set
        created_at=?,
        email=?,
        email_verified=?,
        first_name=?,
        is_account_non_expired=?,
        is_account_non_locked=?,
        is_credentials_non_expired=?,
        is_enabled=?,
        last_login=?,
        last_name=?,
        password=?,
        phone_number=?,
        reset_token=?,
        reset_token_expiry=?,
        updated_at=?,
        username=?,
        verification_token=?,
        verification_token_expiry=? 
    where
        id=?
Hibernate: 
    update
        users 
    set
        created_at=?,
        email=?,
        email_verified=?,
        first_name=?,
        is_account_non_expired=?,
        is_account_non_locked=?,
        is_credentials_non_expired=?,
        is_enabled=?,
        last_login=?,
        last_name=?,
        password=?,
        phone_number=?,
        reset_token=?,
        reset_token_expiry=?,
        updated_at=?,
        username=?,
        verification_token=?,
        verification_token_expiry=? 
    where
        id=?
2025-05-31 10:56:47 - Securing GET /admin/users?page=0&size=10&sortBy=id&sortDir=asc
2025-05-31 10:56:47 - 
    select
        u1_0.id,
        u1_0.created_at,
        u1_0.email,
        u1_0.email_verified,
        u1_0.first_name,
        u1_0.is_account_non_expired,
        u1_0.is_account_non_locked,
        u1_0.is_credentials_non_expired,
        u1_0.is_enabled,
        u1_0.last_login,
        u1_0.last_name,
        u1_0.password,
        u1_0.phone_number,
        u1_0.reset_token,
        u1_0.reset_token_expiry,
        u1_0.updated_at,
        u1_0.username,
        u1_0.verification_token,
        u1_0.verification_token_expiry 
    from
        users u1_0 
    where
        u1_0.username=? 
        or u1_0.email=?
Hibernate: 
    select
        u1_0.id,
        u1_0.created_at,
        u1_0.email,
        u1_0.email_verified,
        u1_0.first_name,
        u1_0.is_account_non_expired,
        u1_0.is_account_non_locked,
        u1_0.is_credentials_non_expired,
        u1_0.is_enabled,
        u1_0.last_login,
        u1_0.last_name,
        u1_0.password,
        u1_0.phone_number,
        u1_0.reset_token,
        u1_0.reset_token_expiry,
        u1_0.updated_at,
        u1_0.username,
        u1_0.verification_token,
        u1_0.verification_token_expiry 
    from
        users u1_0 
    where
        u1_0.username=? 
        or u1_0.email=?
2025-05-31 10:56:47 - 
    select
        r1_0.user_id,
        r1_1.id,
        r1_1.created_at,
        r1_1.description,
        r1_1.name,
        r1_1.updated_at 
    from
        user_roles r1_0 
    join
        roles r1_1 
            on r1_1.id=r1_0.role_id 
    where
        r1_0.user_id=?
Hibernate: 
    select
        r1_0.user_id,
        r1_1.id,
        r1_1.created_at,
        r1_1.description,
        r1_1.name,
        r1_1.updated_at 
    from
        user_roles r1_0 
    join
        roles r1_1 
            on r1_1.id=r1_0.role_id 
    where
        r1_0.user_id=?
2025-05-31 10:56:47 - Secured GET /admin/users?page=0&size=10&sortBy=id&sortDir=asc
2025-05-31 10:56:47 - Authorizing method invocation ReflectiveMethodInvocation: public org.springframework.http.ResponseEntity com.sanatanadharm.app.controller.AdminController.getAllUsers(int,int,java.lang.String,java.lang.String); target is of class [com.sanatanadharm.app.controller.AdminController]
2025-05-31 10:56:47 - Authorized method invocation ReflectiveMethodInvocation: public org.springframework.http.ResponseEntity com.sanatanadharm.app.controller.AdminController.getAllUsers(int,int,java.lang.String,java.lang.String); target is of class [com.sanatanadharm.app.controller.AdminController]
2025-05-31 10:56:47 - 
    select
        u1_0.id,
        u1_0.created_at,
        u1_0.email,
        u1_0.email_verified,
        u1_0.first_name,
        u1_0.is_account_non_expired,
        u1_0.is_account_non_locked,
        u1_0.is_credentials_non_expired,
        u1_0.is_enabled,
        u1_0.last_login,
        u1_0.last_name,
        u1_0.password,
        u1_0.phone_number,
        u1_0.reset_token,
        u1_0.reset_token_expiry,
        u1_0.updated_at,
        u1_0.username,
        u1_0.verification_token,
        u1_0.verification_token_expiry 
    from
        users u1_0 
    order by
        u1_0.id 
    limit
        ?, ?
Hibernate: 
    select
        u1_0.id,
        u1_0.created_at,
        u1_0.email,
        u1_0.email_verified,
        u1_0.first_name,
        u1_0.is_account_non_expired,
        u1_0.is_account_non_locked,
        u1_0.is_credentials_non_expired,
        u1_0.is_enabled,
        u1_0.last_login,
        u1_0.last_name,
        u1_0.password,
        u1_0.phone_number,
        u1_0.reset_token,
        u1_0.reset_token_expiry,
        u1_0.updated_at,
        u1_0.username,
        u1_0.verification_token,
        u1_0.verification_token_expiry 
    from
        users u1_0 
    order by
        u1_0.id 
    limit
        ?, ?
2025-05-31 10:56:47 - 
    select
        r1_0.user_id,
        r1_1.id,
        r1_1.created_at,
        r1_1.description,
        r1_1.name,
        r1_1.updated_at 
    from
        user_roles r1_0 
    join
        roles r1_1 
            on r1_1.id=r1_0.role_id 
    where
        r1_0.user_id=?
Hibernate: 
    select
        r1_0.user_id,
        r1_1.id,
        r1_1.created_at,
        r1_1.description,
        r1_1.name,
        r1_1.updated_at 
    from
        user_roles r1_0 
    join
        roles r1_1 
            on r1_1.id=r1_0.role_id 
    where
        r1_0.user_id=?
2025-05-31 10:56:47 - 
    select
        r1_0.user_id,
        r1_1.id,
        r1_1.created_at,
        r1_1.description,
        r1_1.name,
        r1_1.updated_at 
    from
        user_roles r1_0 
    join
        roles r1_1 
            on r1_1.id=r1_0.role_id 
    where
        r1_0.user_id=?
Hibernate: 
    select
        r1_0.user_id,
        r1_1.id,
        r1_1.created_at,
        r1_1.description,
        r1_1.name,
        r1_1.updated_at 
    from
        user_roles r1_0 
    join
        roles r1_1 
            on r1_1.id=r1_0.role_id 
    where
        r1_0.user_id=?
2025-05-31 10:56:47 - 
    select
        r1_0.user_id,
        r1_1.id,
        r1_1.created_at,
        r1_1.description,
        r1_1.name,
        r1_1.updated_at 
    from
        user_roles r1_0 
    join
        roles r1_1 
            on r1_1.id=r1_0.role_id 
    where
        r1_0.user_id=?
Hibernate: 
    select
        r1_0.user_id,
        r1_1.id,
        r1_1.created_at,
        r1_1.description,
        r1_1.name,
        r1_1.updated_at 
    from
        user_roles r1_0 
    join
        roles r1_1 
            on r1_1.id=r1_0.role_id 
    where
        r1_0.user_id=?
2025-05-31 10:57:05 - Securing GET /admin/dashboard
2025-05-31 10:57:05 - 
    select
        u1_0.id,
        u1_0.created_at,
        u1_0.email,
        u1_0.email_verified,
        u1_0.first_name,
        u1_0.is_account_non_expired,
        u1_0.is_account_non_locked,
        u1_0.is_credentials_non_expired,
        u1_0.is_enabled,
        u1_0.last_login,
        u1_0.last_name,
        u1_0.password,
        u1_0.phone_number,
        u1_0.reset_token,
        u1_0.reset_token_expiry,
        u1_0.updated_at,
        u1_0.username,
        u1_0.verification_token,
        u1_0.verification_token_expiry 
    from
        users u1_0 
    where
        u1_0.username=? 
        or u1_0.email=?
Hibernate: 
    select
        u1_0.id,
        u1_0.created_at,
        u1_0.email,
        u1_0.email_verified,
        u1_0.first_name,
        u1_0.is_account_non_expired,
        u1_0.is_account_non_locked,
        u1_0.is_credentials_non_expired,
        u1_0.is_enabled,
        u1_0.last_login,
        u1_0.last_name,
        u1_0.password,
        u1_0.phone_number,
        u1_0.reset_token,
        u1_0.reset_token_expiry,
        u1_0.updated_at,
        u1_0.username,
        u1_0.verification_token,
        u1_0.verification_token_expiry 
    from
        users u1_0 
    where
        u1_0.username=? 
        or u1_0.email=?
2025-05-31 10:57:05 - 
    select
        r1_0.user_id,
        r1_1.id,
        r1_1.created_at,
        r1_1.description,
        r1_1.name,
        r1_1.updated_at 
    from
        user_roles r1_0 
    join
        roles r1_1 
            on r1_1.id=r1_0.role_id 
    where
        r1_0.user_id=?
Hibernate: 
    select
        r1_0.user_id,
        r1_1.id,
        r1_1.created_at,
        r1_1.description,
        r1_1.name,
        r1_1.updated_at 
    from
        user_roles r1_0 
    join
        roles r1_1 
            on r1_1.id=r1_0.role_id 
    where
        r1_0.user_id=?
2025-05-31 10:57:05 - Secured GET /admin/dashboard
2025-05-31 10:57:05 - Authorizing method invocation ReflectiveMethodInvocation: public org.springframework.http.ResponseEntity com.sanatanadharm.app.controller.AdminController.getAdminDashboard(); target is of class [com.sanatanadharm.app.controller.AdminController]
2025-05-31 10:57:05 - Authorized method invocation ReflectiveMethodInvocation: public org.springframework.http.ResponseEntity com.sanatanadharm.app.controller.AdminController.getAdminDashboard(); target is of class [com.sanatanadharm.app.controller.AdminController]
2025-05-31 10:57:05 - 
    select
        count(*) 
    from
        users u1_0
Hibernate: 
    select
        count(*) 
    from
        users u1_0
2025-05-31 10:57:05 - 
    select
        u1_0.id,
        u1_0.created_at,
        u1_0.email,
        u1_0.email_verified,
        u1_0.first_name,
        u1_0.is_account_non_expired,
        u1_0.is_account_non_locked,
        u1_0.is_credentials_non_expired,
        u1_0.is_enabled,
        u1_0.last_login,
        u1_0.last_name,
        u1_0.password,
        u1_0.phone_number,
        u1_0.reset_token,
        u1_0.reset_token_expiry,
        u1_0.updated_at,
        u1_0.username,
        u1_0.verification_token,
        u1_0.verification_token_expiry 
    from
        users u1_0 
    where
        u1_0.is_enabled=1
Hibernate: 
    select
        u1_0.id,
        u1_0.created_at,
        u1_0.email,
        u1_0.email_verified,
        u1_0.first_name,
        u1_0.is_account_non_expired,
        u1_0.is_account_non_locked,
        u1_0.is_credentials_non_expired,
        u1_0.is_enabled,
        u1_0.last_login,
        u1_0.last_name,
        u1_0.password,
        u1_0.phone_number,
        u1_0.reset_token,
        u1_0.reset_token_expiry,
        u1_0.updated_at,
        u1_0.username,
        u1_0.verification_token,
        u1_0.verification_token_expiry 
    from
        users u1_0 
    where
        u1_0.is_enabled=1
2025-05-31 10:57:05 - 
    select
        u1_0.id,
        u1_0.created_at,
        u1_0.email,
        u1_0.email_verified,
        u1_0.first_name,
        u1_0.is_account_non_expired,
        u1_0.is_account_non_locked,
        u1_0.is_credentials_non_expired,
        u1_0.is_enabled,
        u1_0.last_login,
        u1_0.last_name,
        u1_0.password,
        u1_0.phone_number,
        u1_0.reset_token,
        u1_0.reset_token_expiry,
        u1_0.updated_at,
        u1_0.username,
        u1_0.verification_token,
        u1_0.verification_token_expiry 
    from
        users u1_0 
    where
        u1_0.email_verified=0
Hibernate: 
    select
        u1_0.id,
        u1_0.created_at,
        u1_0.email,
        u1_0.email_verified,
        u1_0.first_name,
        u1_0.is_account_non_expired,
        u1_0.is_account_non_locked,
        u1_0.is_credentials_non_expired,
        u1_0.is_enabled,
        u1_0.last_login,
        u1_0.last_name,
        u1_0.password,
        u1_0.phone_number,
        u1_0.reset_token,
        u1_0.reset_token_expiry,
        u1_0.updated_at,
        u1_0.username,
        u1_0.verification_token,
        u1_0.verification_token_expiry 
    from
        users u1_0 
    where
        u1_0.email_verified=0
2025-05-31 10:57:05 - 
    select
        count(u1_0.id) 
    from
        users u1_0 
    where
        u1_0.created_at>=?
Hibernate: 
    select
        count(u1_0.id) 
    from
        users u1_0 
    where
        u1_0.created_at>=?
2025-05-31 10:57:24 - Securing GET /user/profile
2025-05-31 10:57:24 - 
    select
        u1_0.id,
        u1_0.created_at,
        u1_0.email,
        u1_0.email_verified,
        u1_0.first_name,
        u1_0.is_account_non_expired,
        u1_0.is_account_non_locked,
        u1_0.is_credentials_non_expired,
        u1_0.is_enabled,
        u1_0.last_login,
        u1_0.last_name,
        u1_0.password,
        u1_0.phone_number,
        u1_0.reset_token,
        u1_0.reset_token_expiry,
        u1_0.updated_at,
        u1_0.username,
        u1_0.verification_token,
        u1_0.verification_token_expiry 
    from
        users u1_0 
    where
        u1_0.username=? 
        or u1_0.email=?
Hibernate: 
    select
        u1_0.id,
        u1_0.created_at,
        u1_0.email,
        u1_0.email_verified,
        u1_0.first_name,
        u1_0.is_account_non_expired,
        u1_0.is_account_non_locked,
        u1_0.is_credentials_non_expired,
        u1_0.is_enabled,
        u1_0.last_login,
        u1_0.last_name,
        u1_0.password,
        u1_0.phone_number,
        u1_0.reset_token,
        u1_0.reset_token_expiry,
        u1_0.updated_at,
        u1_0.username,
        u1_0.verification_token,
        u1_0.verification_token_expiry 
    from
        users u1_0 
    where
        u1_0.username=? 
        or u1_0.email=?
2025-05-31 10:57:24 - 
    select
        r1_0.user_id,
        r1_1.id,
        r1_1.created_at,
        r1_1.description,
        r1_1.name,
        r1_1.updated_at 
    from
        user_roles r1_0 
    join
        roles r1_1 
            on r1_1.id=r1_0.role_id 
    where
        r1_0.user_id=?
Hibernate: 
    select
        r1_0.user_id,
        r1_1.id,
        r1_1.created_at,
        r1_1.description,
        r1_1.name,
        r1_1.updated_at 
    from
        user_roles r1_0 
    join
        roles r1_1 
            on r1_1.id=r1_0.role_id 
    where
        r1_0.user_id=?
2025-05-31 10:57:24 - Secured GET /user/profile
2025-05-31 10:57:24 - Authorizing method invocation ReflectiveMethodInvocation: public org.springframework.http.ResponseEntity com.sanatanadharm.app.controller.UserController.getUserProfile(org.springframework.security.core.Authentication); target is of class [com.sanatanadharm.app.controller.UserController]
2025-05-31 10:57:24 - Authorized method invocation ReflectiveMethodInvocation: public org.springframework.http.ResponseEntity com.sanatanadharm.app.controller.UserController.getUserProfile(org.springframework.security.core.Authentication); target is of class [com.sanatanadharm.app.controller.UserController]
2025-05-31 10:57:24 - 
    select
        u1_0.id,
        u1_0.created_at,
        u1_0.email,
        u1_0.email_verified,
        u1_0.first_name,
        u1_0.is_account_non_expired,
        u1_0.is_account_non_locked,
        u1_0.is_credentials_non_expired,
        u1_0.is_enabled,
        u1_0.last_login,
        u1_0.last_name,
        u1_0.password,
        u1_0.phone_number,
        u1_0.reset_token,
        u1_0.reset_token_expiry,
        u1_0.updated_at,
        u1_0.username,
        u1_0.verification_token,
        u1_0.verification_token_expiry 
    from
        users u1_0 
    where
        u1_0.id=?
Hibernate: 
    select
        u1_0.id,
        u1_0.created_at,
        u1_0.email,
        u1_0.email_verified,
        u1_0.first_name,
        u1_0.is_account_non_expired,
        u1_0.is_account_non_locked,
        u1_0.is_credentials_non_expired,
        u1_0.is_enabled,
        u1_0.last_login,
        u1_0.last_name,
        u1_0.password,
        u1_0.phone_number,
        u1_0.reset_token,
        u1_0.reset_token_expiry,
        u1_0.updated_at,
        u1_0.username,
        u1_0.verification_token,
        u1_0.verification_token_expiry 
    from
        users u1_0 
    where
        u1_0.id=?
2025-05-31 10:57:24 - 
    select
        r1_0.user_id,
        r1_1.id,
        r1_1.created_at,
        r1_1.description,
        r1_1.name,
        r1_1.updated_at 
    from
        user_roles r1_0 
    join
        roles r1_1 
            on r1_1.id=r1_0.role_id 
    where
        r1_0.user_id=?
Hibernate: 
    select
        r1_0.user_id,
        r1_1.id,
        r1_1.created_at,
        r1_1.description,
        r1_1.name,
        r1_1.updated_at 
    from
        user_roles r1_0 
    join
        roles r1_1 
            on r1_1.id=r1_0.role_id 
    where
        r1_0.user_id=?
2025-05-31 10:57:34 - Securing GET /user/dashboard
2025-05-31 10:57:34 - 
    select
        u1_0.id,
        u1_0.created_at,
        u1_0.email,
        u1_0.email_verified,
        u1_0.first_name,
        u1_0.is_account_non_expired,
        u1_0.is_account_non_locked,
        u1_0.is_credentials_non_expired,
        u1_0.is_enabled,
        u1_0.last_login,
        u1_0.last_name,
        u1_0.password,
        u1_0.phone_number,
        u1_0.reset_token,
        u1_0.reset_token_expiry,
        u1_0.updated_at,
        u1_0.username,
        u1_0.verification_token,
        u1_0.verification_token_expiry 
    from
        users u1_0 
    where
        u1_0.username=? 
        or u1_0.email=?
Hibernate: 
    select
        u1_0.id,
        u1_0.created_at,
        u1_0.email,
        u1_0.email_verified,
        u1_0.first_name,
        u1_0.is_account_non_expired,
        u1_0.is_account_non_locked,
        u1_0.is_credentials_non_expired,
        u1_0.is_enabled,
        u1_0.last_login,
        u1_0.last_name,
        u1_0.password,
        u1_0.phone_number,
        u1_0.reset_token,
        u1_0.reset_token_expiry,
        u1_0.updated_at,
        u1_0.username,
        u1_0.verification_token,
        u1_0.verification_token_expiry 
    from
        users u1_0 
    where
        u1_0.username=? 
        or u1_0.email=?
2025-05-31 10:57:34 - 
    select
        r1_0.user_id,
        r1_1.id,
        r1_1.created_at,
        r1_1.description,
        r1_1.name,
        r1_1.updated_at 
    from
        user_roles r1_0 
    join
        roles r1_1 
            on r1_1.id=r1_0.role_id 
    where
        r1_0.user_id=?
Hibernate: 
    select
        r1_0.user_id,
        r1_1.id,
        r1_1.created_at,
        r1_1.description,
        r1_1.name,
        r1_1.updated_at 
    from
        user_roles r1_0 
    join
        roles r1_1 
            on r1_1.id=r1_0.role_id 
    where
        r1_0.user_id=?
2025-05-31 10:57:34 - Secured GET /user/dashboard
2025-05-31 10:57:34 - Authorizing method invocation ReflectiveMethodInvocation: public org.springframework.http.ResponseEntity com.sanatanadharm.app.controller.UserController.getUserDashboard(org.springframework.security.core.Authentication); target is of class [com.sanatanadharm.app.controller.UserController]
2025-05-31 10:57:34 - Authorized method invocation ReflectiveMethodInvocation: public org.springframework.http.ResponseEntity com.sanatanadharm.app.controller.UserController.getUserDashboard(org.springframework.security.core.Authentication); target is of class [com.sanatanadharm.app.controller.UserController]
